
[1m=== 0. environment ===[0m
python 3.11.16 | torch 2.13.0 | torchvision 0.28.0 | robustbench installed
cuda False | mps True

[1m=== 1. data + checkpoint ===[0m

[1m=== 2. unit tests (optimizer-state manipulation) ===[0m
............................................                             [100%]
=============================== warnings summary ===============================
optimizer_state_tta/tests/test_data_and_bn.py::test_stream_matches_robustbench_loader_exactly
  /Users/helloimrizy/Documents/Academic/UNB/Research/opt/.venv-optstate/lib/python3.11/site-packages/robustbench/loaders.py:4: UserWarning: pkg_resources is deprecated as an API. See https://setuptools.pypa.io/en/latest/pkg_resources.html. The pkg_resources package is slated for removal as early as 2025-11-30. Refrain from using this package or pin to Setuptools<81.
    import pkg_resources

optimizer_state_tta/tests/test_metrics_stats.py::test_nan_values_are_dropped_not_treated_as_zero
  /Users/helloimrizy/Documents/Academic/UNB/Research/opt/optimizer_state_tta/src/optstate/stats.py:23: RuntimeWarning: Mean of empty slice
    float(np.nanmean(np.asarray(values_by_cluster[k], dtype=float)))

-- Docs: https://docs.pytest.org/en/stable/how-to/capture-warnings.html
44 passed, 2 warnings in 1.87s

[1m=== 2b. backend reproducibility check ===[0m
identical accuracy trajectory : True
identical weight fingerprint  : True
max |entropy loss| difference : 0.000e+00

[1m=== 3. toy mechanistic sanity check (not evidence for the CV phenomenon) ===[0m
{
  "boundary_cos_m_g_first_B": -0.9999514222145081,
  "boundary_step": [
    60.0
  ],
  "predictor_exact": true,
  "loss_after_1": {
    "CARRY_ALL": 17.909832000732422,
    "RESET_M_KEEP_V_STEP": 17.831130981445312,
    "RESET_V_KEEP_M_STEP": 17.76125144958496,
    "RESET_MV_KEEP_STEP": 17.543088912963867,
    "RESET_STEP_ONLY": 17.882307052612305,
    "FRESH_ADAM": 17.407838821411133
  },
  "loss_after_10": {
    "CARRY_ALL": 13.26149845123291,
    "RESET_M_KEEP_V_STEP": 12.89648723602295,
    "RESET_V_KEEP_M_STEP": 11.270630836486816,
    "RESET_MV_KEEP_STEP": 10.650615692138672,
    "RESET_STEP_ONLY": 14.709760665893555,
    "FRESH_ADAM": 12.532815933227539
  },
  "final_loss": {
    "CARRY_ALL": 1.34016752243042,
    "RESET_M_KEEP_V_STEP": 1.2320125102996826,
    "RESET_V_KEEP_M_STEP": 0.38673004508018494,
    "RESET_MV_KEEP_STEP": 0.29491546750068665,
    "RESET_STEP_ONLY": 4.762145042419434,
    "FRESH_ADAM": 2.815816879272461
  }
}

wrote /Users/helloimrizy/Documents/Academic/UNB/Research/opt/optimizer_state_tta/results/optimizer_state_stage1/raw/toy/toy_trace.csv
wrote /Users/helloimrizy/Documents/Academic/UNB/Research/opt/optimizer_state_tta/results/optimizer_state_stage1/raw/toy/toy_summary.json

[1m=== 5a. primary matched-branch boundary experiment, conventional order (ORACLE_BOUNDARY_DIAGNOSTIC) ===[0m
  [skip] primary_conventional_seed0_b10.9_lr0.001 already complete
  [skip] primary_conventional_seed1_b10.9_lr0.001 already complete
  [skip] primary_conventional_seed2_b10.9_lr0.001 already complete

[1m=== 6. stationary pseudo-boundary control (matched checkpoint) ===[0m
  [skip] control_conventional_seed0_b10.9_lr0.001 already complete
  [skip] control_conventional_seed1_b10.9_lr0.001 already complete
  [skip] control_conventional_seed2_b10.9_lr0.001 already complete

[1m=== 7. beta1 mechanistic validation ===[0m
  [skip] primary_conventional_seed0_b10_lr0.001 already complete
  [skip] primary_conventional_seed1_b10_lr0.001 already complete
  [skip] primary_conventional_seed2_b10_lr0.001 already complete
  [skip] primary_conventional_seed0_b10.5_lr0.001 already complete
  [skip] primary_conventional_seed1_b10.5_lr0.001 already complete
  [skip] primary_conventional_seed2_b10.5_lr0.001 already complete
[primary_conventional_seed0_b10.99_lr0.001] warmup gaussian_noise:s5 acc=0.7502
[primary_conventional_seed0_b10.99_lr0.001] boundary 0 gaussian_noise:s5->shot_noise:s5 cos_m_g=+0.084 carry10=0.7920 | RESET_M:+0.05  RESET_V:-22.40  RESET_MV:+0.10  RESET_STEP:+0.35  FRESH:+0.15
[primary_conventional_seed0_b10.99_lr0.001] boundary 1 shot_noise:s5->impulse_noise:s5 cos_m_g=+0.028 carry10=0.7205 | RESET_M:+0.00  RESET_V:-11.10  RESET_MV:-0.15  RESET_STEP:-0.05  FRESH:-0.20
[primary_conventional_seed0_b10.99_lr0.001] boundary 2 impulse_noise:s5->defocus_blur:s5 cos_m_g=+0.017 carry10=0.8490 | RESET_M:+0.15  RESET_V:-14.95  RESET_MV:-0.20  RESET_STEP:-0.40  FRESH:-0.45
[primary_conventional_seed0_b10.99_lr0.001] boundary 3 defocus_blur:s5->glass_blur:s5 cos_m_g=-0.013 carry10=0.6800 | RESET_M:+0.05  RESET_V:-17.45  RESET_MV:-0.05  RESET_STEP:-0.10  FRESH:-0.60
[primary_conventional_seed0_b10.99_lr0.001] boundary 4 glass_blur:s5->motion_blur:s5 cos_m_g=+0.028 carry10=0.8280 | RESET_M:-0.10  RESET_V:-6.95  RESET_MV:+0.05  RESET_STEP:-0.10  FRESH:+0.50
[primary_conventional_seed0_b10.99_lr0.001] boundary 5 motion_blur:s5->zoom_blur:s5 cos_m_g=-0.021 carry10=0.8470 | RESET_M:+0.10  RESET_V:-21.60  RESET_MV:+0.05  RESET_STEP:-0.15  FRESH:+0.10
[primary_conventional_seed0_b10.99_lr0.001] boundary 6 zoom_blur:s5->snow:s5 cos_m_g=-0.044 carry10=0.8120 | RESET_M:+0.05  RESET_V:-13.85  RESET_MV:-0.20  RESET_STEP:+0.00  FRESH:-0.65
[primary_conventional_seed0_b10.99_lr0.001] done: 7 boundaries in 20.1 min -> /Users/helloimrizy/Documents/Academic/UNB/Research/opt/optimizer_state_tta/results/optimizer_state_stage1/raw/boundary/primary_conventional_seed0_b10.99_lr0.001.jsonl
[primary_conventional_seed1_b10.99_lr0.001] warmup gaussian_noise:s5 acc=0.7528
[primary_conventional_seed1_b10.99_lr0.001] boundary 0 gaussian_noise:s5->shot_noise:s5 cos_m_g=+0.009 carry10=0.7865 | RESET_M:-0.25  RESET_V:-5.75  RESET_MV:-0.10  RESET_STEP:+0.20  FRESH:+0.30
[primary_conventional_seed1_b10.99_lr0.001] boundary 1 shot_noise:s5->impulse_noise:s5 cos_m_g=-0.009 carry10=0.7005 | RESET_M:-0.10  RESET_V:-8.05  RESET_MV:-0.10  RESET_STEP:-0.10  FRESH:-0.25
[primary_conventional_seed1_b10.99_lr0.001] boundary 2 impulse_noise:s5->defocus_blur:s5 cos_m_g=-0.007 carry10=0.8595 | RESET_M:+0.40  RESET_V:-9.80  RESET_MV:+0.50  RESET_STEP:-0.45  FRESH:+0.50
[primary_conventional_seed1_b10.99_lr0.001] boundary 3 defocus_blur:s5->glass_blur:s5 cos_m_g=-0.070 carry10=0.6810 | RESET_M:+0.25  RESET_V:-6.55  RESET_MV:+0.20  RESET_STEP:-0.05  FRESH:+0.05
[primary_conventional_seed1_b10.99_lr0.001] boundary 4 glass_blur:s5->motion_blur:s5 cos_m_g=-0.035 carry10=0.8155 | RESET_M:+0.20  RESET_V:-10.70  RESET_MV:+0.20  RESET_STEP:-0.25  FRESH:+0.10
[primary_conventional_seed1_b10.99_lr0.001] boundary 5 motion_blur:s5->zoom_blur:s5 cos_m_g=-0.015 carry10=0.8385 | RESET_M:-0.05  RESET_V:-14.05  RESET_MV:+0.05  RESET_STEP:-0.25  FRESH:-0.45
[primary_conventional_seed1_b10.99_lr0.001] boundary 6 zoom_blur:s5->snow:s5 cos_m_g=+0.023 carry10=0.7885 | RESET_M:+0.00  RESET_V:-2.55  RESET_MV:+0.10  RESET_STEP:-0.30  FRESH:+0.05
[primary_conventional_seed1_b10.99_lr0.001] done: 7 boundaries in 20.7 min -> /Users/helloimrizy/Documents/Academic/UNB/Research/opt/optimizer_state_tta/results/optimizer_state_stage1/raw/boundary/primary_conventional_seed1_b10.99_lr0.001.jsonl
[primary_conventional_seed2_b10.99_lr0.001] warmup gaussian_noise:s5 acc=0.7477
[primary_conventional_seed2_b10.99_lr0.001] boundary 0 gaussian_noise:s5->shot_noise:s5 cos_m_g=+0.080 carry10=0.7790 | RESET_M:+0.15  RESET_V:-2.95  RESET_MV:+0.05  RESET_STEP:-0.30  FRESH:-0.45
[primary_conventional_seed2_b10.99_lr0.001] boundary 1 shot_noise:s5->impulse_noise:s5 cos_m_g=+0.019 carry10=0.6605 | RESET_M:+0.15  RESET_V:-6.25  RESET_MV:-0.05  RESET_STEP:-0.30  FRESH:-0.20
[primary_conventional_seed2_b10.99_lr0.001] boundary 2 impulse_noise:s5->defocus_blur:s5 cos_m_g=+0.002 carry10=0.8300 | RESET_M:+0.50  RESET_V:-8.30  RESET_MV:+0.50  RESET_STEP:-0.75  FRESH:+0.55
[primary_conventional_seed2_b10.99_lr0.001] boundary 3 defocus_blur:s5->glass_blur:s5 cos_m_g=+0.015 carry10=0.6455 | RESET_M:+0.15  RESET_V:-9.30  RESET_MV:+0.40  RESET_STEP:-0.20  FRESH:+1.20
[primary_conventional_seed2_b10.99_lr0.001] boundary 4 glass_blur:s5->motion_blur:s5 cos_m_g=+0.060 carry10=0.7675 | RESET_M:+0.05  RESET_V:-37.65  RESET_MV:+0.10  RESET_STEP:-0.70  FRESH:-0.50
[primary_conventional_seed2_b10.99_lr0.001] boundary 5 motion_blur:s5->zoom_blur:s5 cos_m_g=+0.021 carry10=0.8070 | RESET_M:-0.05  RESET_V:-16.80  RESET_MV:+0.05  RESET_STEP:+0.00  FRESH:+0.00
[primary_conventional_seed2_b10.99_lr0.001] boundary 6 zoom_blur:s5->snow:s5 cos_m_g=-0.001 carry10=0.7485 | RESET_M:+0.10  RESET_V:-6.70  RESET_MV:-0.40  RESET_STEP:-0.15  FRESH:-0.85
[primary_conventional_seed2_b10.99_lr0.001] done: 7 boundaries in 29.4 min -> /Users/helloimrizy/Documents/Academic/UNB/Research/opt/optimizer_state_tta/results/optimizer_state_stage1/raw/boundary/primary_conventional_seed2_b10.99_lr0.001.jsonl
  [skip] primary_conventional_seed0_b10.9_lr0.001 already complete
  [skip] primary_conventional_seed1_b10.9_lr0.001 already complete
  [skip] primary_conventional_seed2_b10.9_lr0.001 already complete

[1m=== 5b. primary matched-branch boundary experiment, permuted corruption orders ===[0m
[primary_perm1_seed0_b10.9_lr0.001] warmup jpeg_compression:s5 acc=0.7580
[primary_perm1_seed0_b10.9_lr0.001] boundary 0 jpeg_compression:s5->pixelate:s5 cos_m_g=+0.091 carry10=0.8405 | RESET_M:-0.10  RESET_V:-53.95  RESET_MV:+0.10  RESET_STEP:+0.00  FRESH:+0.00
[primary_perm1_seed0_b10.9_lr0.001] boundary 1 pixelate:s5->impulse_noise:s5 cos_m_g=-0.005 carry10=0.7150 | RESET_M:+0.10  RESET_V:-12.05  RESET_MV:+0.35  RESET_STEP:+0.00  FRESH:+0.05
[primary_perm1_seed0_b10.9_lr0.001] boundary 2 impulse_noise:s5->motion_blur:s5 cos_m_g=+0.025 carry10=0.8575 | RESET_M:-0.10  RESET_V:-27.75  RESET_MV:-0.45  RESET_STEP:-0.05  FRESH:-0.10
[primary_perm1_seed0_b10.9_lr0.001] boundary 3 motion_blur:s5->brightness:s5 cos_m_g=-0.032 carry10=0.9080 | RESET_M:-0.15  RESET_V:-16.45  RESET_MV:-0.30  RESET_STEP:-0.10  FRESH:-0.05
[primary_perm1_seed0_b10.9_lr0.001] boundary 4 brightness:s5->defocus_blur:s5 cos_m_g=-0.018 carry10=0.8725 | RESET_M:+0.00  RESET_V:-9.20  RESET_MV:-0.10  RESET_STEP:+0.10  FRESH:-0.05
[primary_perm1_seed0_b10.9_lr0.001] boundary 5 defocus_blur:s5->snow:s5 cos_m_g=-0.006 carry10=0.8255 | RESET_M:+0.20  RESET_V:-38.85  RESET_MV:-1.00  RESET_STEP:+0.05  FRESH:+0.40
[primary_perm1_seed0_b10.9_lr0.001] boundary 6 snow:s5->elastic_transform:s5 cos_m_g=+0.097 carry10=0.7865 | RESET_M:+0.20  RESET_V:-25.85  RESET_MV:-0.55  RESET_STEP:-0.05  FRESH:+0.05
[primary_perm1_seed0_b10.9_lr0.001] boundary 7 elastic_transform:s5->glass_blur:s5 cos_m_g=+0.028 carry10=0.6990 | RESET_M:-0.20  RESET_V:-28.50  RESET_MV:-0.50  RESET_STEP:-0.05  FRESH:+0.05
[primary_perm1_seed0_b10.9_lr0.001] boundary 8 glass_blur:s5->gaussian_noise:s5 cos_m_g=-0.035 carry10=0.7315 | RESET_M:+0.30  RESET_V:-25.30  RESET_MV:-1.65  RESET_STEP:+0.15  FRESH:+0.25
